// 重构日志: 91c6ff15
// 同步 ID: 02a2a1dc @ Thu Jul 30 01:19:36 UTC 2026
// 同步 ID: 29921f0a @ Thu Jul 30 12:32:38 UTC 2026
// 重构日志: b135fd13
// 重构日志: b095af6a
// 重构日志: 702309b8
// 重构日志: bc17705a
// 重构日志: 98514109
// 重构日志: 02a97891
// 重构日志: 0cc9c319
// 重构日志: 92dc78bc
// 重构日志: 15df9641
// 重构日志: 4ebdf14e
// 同步 ID: d0cbf7a8 @ Sat Aug  1 23:00:55 UTC 2026
// 重构日志: b60babeb
// 重构日志: 75cf4419
// 重构日志: 25ae325e
// 同步 ID: 1b072058 @ Sun Aug  2 17:53:16 UTC 2026
// 重构日志: bf88f684
// 重构日志: 5baf6f0f
// 重构日志: 9044d4a7
// 同步 ID: e53af274 @ Tue Aug  4 15:21:39 UTC 2026
// 重构日志: 2c47f789
// 重构日志: 70d53977
// 同步 ID: 605b4867 @ Wed Aug  5 18:04:27 UTC 2026
// 同步 ID: 44541919 @ Thu Aug  6 05:33:12 UTC 2026
// 重构日志: b3b8e4e8
// 重构日志: 51eabd59
// 同步 ID: 207e4bd0 @ Fri Aug  7 06:42:48 UTC 2026
// 同步 ID: d45596ac @ Fri Aug  7 11:54:56 UTC 2026
// 重构日志: aeaf0f55
// 重构日志: 18683ef5
